
> bae@0.0.0 build
> vite build

[36mvite v8.0.10 [32mbuilding client environment for production...[36m[39m
[2Ktransforming...✓ 1799 modules transformed.
rendering chunks...
computing gzip size...
dist/index.html                   0.40 kB │ gzip:   0.28 kB
dist/assets/index-CHCoZ1U6.css   51.72 kB │ gzip:   9.78 kB
dist/assets/index-D_ev4-ZZ.js   359.01 kB │ gzip: 108.71 kB

[31m✗[39m Build failed in 7.44s
[31merror during build:
[31mBuild failed with 1 error:

Error: [vite]: Rolldown failed to resolve import "@sanity/client" from "C:/Users/Baba saner/Desktop/project/BAE/src/lib/sanity.js".
This is most likely unintended because it can break your application at runtime.
If you do want to externalize this module explicitly add it to
`build.rollupOptions.external`
    at viteLog (file:///C:/Users/Baba%20saner/Desktop/project/BAE/node_modules/vite/dist/node/chunks/node.js:33111:57)
    at file:///C:/Users/Baba%20saner/Desktop/project/BAE/node_modules/vite/dist/node/chunks/node.js:33147:71
    at onwarn (file:///C:/Users/Baba%20saner/Desktop/project/BAE/node_modules/@vitejs/plugin-react/dist/index.js:40:7)
    at file:///C:/Users/Baba%20saner/Desktop/project/BAE/node_modules/vite/dist/node/chunks/node.js:33147:28
    at onRollupLog (file:///C:/Users/Baba%20saner/Desktop/project/BAE/node_modules/vite/dist/node/chunks/node.js:33142:63)
    at onLog (file:///C:/Users/Baba%20saner/Desktop/project/BAE/node_modules/vite/dist/node/chunks/node.js:32911:4)
    at file:///C:/Users/Baba%20saner/Desktop/project/BAE/node_modules/rolldown/dist/shared/rolldown-build-DSxL8qiP.mjs:50:26
    at logger (file:///C:/Users/Baba%20saner/Desktop/project/BAE/node_modules/rolldown/dist/shared/rolldown-build-DSxL8qiP.mjs:41:3)
    at onLog (file:///C:/Users/Baba%20saner/Desktop/project/BAE/node_modules/rolldown/dist/shared/bindingify-input-options-DbbBhzky.mjs:1991:32)[31m
    at aggregateBindingErrorsIntoJsError (file:///C:/Users/Baba%20saner/Desktop/project/BAE/node_modules/rolldown/dist/shared/error-DL-e8-oE.mjs:48:18)
    at unwrapBindingResult (file:///C:/Users/Baba%20saner/Desktop/project/BAE/node_modules/rolldown/dist/shared/error-DL-e8-oE.mjs:18:128)
    at #build (file:///C:/Users/Baba%20saner/Desktop/project/BAE/node_modules/rolldown/dist/shared/rolldown-build-DSxL8qiP.mjs:3317:34)
    at async buildEnvironment (file:///C:/Users/Baba%20saner/Desktop/project/BAE/node_modules/vite/dist/node/chunks/node.js:33018:64)
    at async Object.build (file:///C:/Users/Baba%20saner/Desktop/project/BAE/node_modules/vite/dist/node/chunks/node.js:33440:19)
    at async Object.buildApp (file:///C:/Users/Baba%20saner/Desktop/project/BAE/node_modules/vite/dist/node/chunks/node.js:33437:153)
    at async CAC.<anonymous> (file:///C:/Users/Baba%20saner/Desktop/project/BAE/node_modules/vite/dist/node/cli.js:778:3) {
  errors: [Getter/Setter]
}[39m
